// Jest Snapshot v1, https://goo.gl/fbAQLP

exports[`Accordion component Should render component and match snapshot 1`] = `
<section class="fk-accordion">
  <flex justify="space-between" align="center" class="fk-accordion__header">
    <title size="xs" class="fk-accordion__title"> Title </title>
    <icon icon="plus" class="fk-accordion__icon"></icon>
  </flex>
  <!---->
</section>
`;
