// Jest Snapshot v1, https://goo.gl/fbAQLP

exports[`Carousel component Should render component and match snapshot 1`] = `
<section class="fk-carousel">
    <swipeable>
        <div class="fk-carousel__track"><img src="https://unsplash.it/320?random&amp;0?fm=webp" alt="smartfrog cam" draggable="false" class="fk-carousel__slide"><img src="https://unsplash.it/320?random&amp;1?fm=webp" alt="smartfrog cam" draggable="false" class="fk-carousel__slide">
            <img
                src="https://unsplash.it/320?random&amp;2?fm=webp" alt="smartfrog cam" draggable="false" class="fk-carousel__slide"></div>
    </swipeable>
    <div class="fk-carousel__indicators"><label class="fk-carousel__indicator"></label><label class="fk-carousel__indicator fk-carousel__indicator--active"></label><label class="fk-carousel__indicator"></label></div>
    <flex justify="space-evenly" class="fk-carousel__previews"><img src="https://unsplash.it/320?random&amp;0?fm=webp" alt="smartfrog cam" draggable="false" class="fk-carousel__preview"><img src="https://unsplash.it/320?random&amp;1?fm=webp" alt="smartfrog cam" draggable="false" class="fk-carousel__preview fk-carousel__preview--active">
        <img
            src="https://unsplash.it/320?random&amp;2?fm=webp" alt="smartfrog cam" draggable="false" class="fk-carousel__preview"></flex>
</section>
`;
