// Jest Snapshot v1, https://goo.gl/fbAQLP

exports[`Certificate Badges component should render component and match snapshot 1`] = `<flex align="center" justify="space-around"><img width="65px" src="../assets/images/iso-27001.jpg"> <img width="65px" src="../assets/images/tuev.jpg"> <img width="65px" src="../assets/images/iso-9001.jpg"></flex>`;
