// Jest Snapshot v1, https://goo.gl/fbAQLP

exports[`Checkbox component should render component and match snapshot 1`] = `<label class="fk-checkbox"><input type="checkbox" value=""> </label>`;

exports[`Checkbox component should render disabled checkbox 1`] = `<label class="fk-checkbox fk-checkbox--disabled"><input type="checkbox" disabled="disabled" value=""> </label>`;
