// Jest Snapshot v1, https://goo.gl/fbAQLP

exports[`Input component Input component | type email should render fine 1`] = `<input type="email" class="fk-input">`;

exports[`Input component Input component | type password should render fine 1`] = `<input type="password" class="fk-input">`;

exports[`Input component Input component | type phone should render fine 1`] = `<input type="phone" class="fk-input">`;

exports[`Input component should render block input 1`] = `<input type="text" class="fk-input fk-input--block">`;

exports[`Input component should render component and match snapshot 1`] = `<input type="text" class="fk-input">`;

exports[`Input component should render disabled input 1`] = `<input type="text" disabled="disabled" class="fk-input">`;

exports[`Input component should render input without left border 1`] = `<input type="text" class="fk-input">`;

exports[`Input component should render input without right border 1`] = `<input type="text" class="fk-input">`;

exports[`Input component should render small input 1`] = `<input type="text" class="fk-input fk-input--small">`;
