// Jest Snapshot v1, https://goo.gl/fbAQLP

exports[`Input component should disable decrease button 1`] = `<flex class="fk-number-input"><button color="secondary" disabled="disabled" aria-label="decrease" class="fk-number-input__button--small"><icon icon="minus" size="small" alt="minus"></icon></button> <input type="number" value="1" aria-label="" class="fk-number-input__input--small">    <button color="secondary" aria-label="increase" class="fk-number-input__button--small"><icon icon="plus" size="small" alt="plus"></icon></button></flex>`;

exports[`Input component should disable increase button 1`] = `
<flex class="fk-number-input"><button color="secondary" aria-label="decrease" class="fk-number-input__button--small"><icon icon="minus" size="small" alt="minus"></icon></button> <input type="number" value="5" aria-label="" class="fk-number-input__input--small"> <button color="secondary"
        disabled="disabled" aria-label="increase" class="fk-number-input__button--small"><icon icon="plus" size="small" alt="plus"></icon></button></flex>
`;

exports[`Input component should render big input 1`] = `
<flex class="fk-number-input"><button color="secondary" disabled="disabled" aria-label="decrease" class="fk-number-input__button--big"><icon icon="minus" size="big" alt="minus"></icon></button> <input type="number" value="1" aria-label="" class="fk-number-input__input--big">
    <button
        color="secondary" aria-label="increase" class="fk-number-input__button--big">
        <icon icon="plus" size="big" alt="plus"></icon>
        </button>
</flex>
`;

exports[`Input component should render component and match snapshot 1`] = `<flex class="fk-number-input"><button color="secondary" disabled="disabled" aria-label="decrease" class="fk-number-input__button--small"><icon icon="minus" size="small" alt="minus"></icon></button> <input type="number" value="1" aria-label="" class="fk-number-input__input--small">    <button color="secondary" aria-label="increase" class="fk-number-input__button--small"><icon icon="plus" size="small" alt="plus"></icon></button></flex>`;

exports[`Input component should render small input 1`] = `<flex class="fk-number-input"><button color="secondary" disabled="disabled" aria-label="decrease" class="fk-number-input__button--small"><icon icon="minus" size="small" alt="minus"></icon></button> <input type="number" value="1" aria-label="" class="fk-number-input__input--small">    <button color="secondary" aria-label="increase" class="fk-number-input__button--small"><icon icon="plus" size="small" alt="plus"></icon></button></flex>`;
