// Jest Snapshot v1, https://goo.gl/fbAQLP

exports[`Payment Methods component should render component and match snapshot 1`] = `
<section class="payment-methods">
    <flex grow="" align="center" justify="space-around" class="m-b-30"><img src="../assets/payment/visa.svg" class="payment-methods__visa"> <img src="../assets/payment/mastercard.svg" class="payment-methods__masterCard"> <img src="../assets/payment/american_express.svg" class="payment-methods__americanExpress">
        <img
            src="../assets/payment/sepa.svg" class="payment-methods__sepa"></flex>
    <flex grow="" align="center" justify="space-around"><img src="../assets/payment/klarna.svg" class="payment-methods__klarna"> <img src="../assets/payment/ec.svg" class="payment-methods__ec"> <img src="../assets/payment/paypal.svg" class="payment-methods__paypal"></flex>
</section>
`;
