// Jest Snapshot v1, https://goo.gl/fbAQLP

exports[`Radio button component should render component and match snapshot 1`] = `<label class="fk-radio"><input type="radio" name="radio-button" value=""> </label>`;

exports[`Radio button component should render disabled radio button 1`] = `<label class="fk-radio fk-radio--disabled"><input type="radio" name="" disabled="disabled" value=""> </label>`;
