// Jest Snapshot v1, https://goo.gl/fbAQLP

exports[`Select component should render component and match snapshot 1`] = `
<select class="fk-select">
  <!----> </select>
`;

exports[`Select component should render disabled select 1`] = `
<select class="fk-select">
  <option value="">jest</option>
  <option value="Value 1">
    Option 1
  </option>
  <option value="Value 2">
    Option 2
  </option>
  <option value="Value 3">
    Option 3
  </option>
</select>
`;
