// Jest Snapshot v1, https://goo.gl/fbAQLP

exports[`Soloheader component should render component and match snapshot 1`] = `
<header class="solo-header">
  <div class="solo-header__container">
    <h1 class="solo-header__container__logo"><a href="/"><img src="../assets/logo.svg"></a></h1>
  </div>
</header>
`;
