// Jest Snapshot v1, https://goo.gl/fbAQLP

exports[`Storage Bundle component should render component and match snapshot 1`] = `
<flex align="center" column="" class="fk-storage-bundle fk-storage-bundle__container">
    <title size="xs" color="primary" center="" class="fk-storage-bundle__title">Speichererweiterung</title>
    <div class="fk-storage-bundle__icon"></div>
    <p class="fk-storage-bundle__for">Speichererweiterung für:</p> <select options="[object Object],[object Object],[object Object]" value="1" class="fk-storage-bundle__devices"></select>
    <p class="fk-storage-bundle__history">Video-Speicher der jeweils letzten:</p>
    <div>
        <radio value="24h" checked="checked" class="fk-storage-bundle__period">
            <p class="fk-storage-bundle__period__label">24 Std. 2,65€ / mtl.<sup>2</sup></p>
        </radio>
        <radio value="7d" checked="checked" class="fk-storage-bundle__period">
            <p class="fk-storage-bundle__period__label">7 Tage 5,35€ / mtl.<sup>2</sup></p>
        </radio>
        <radio value="30d" checked="checked" class="fk-storage-bundle__period">
            <p class="fk-storage-bundle__period__label">30 Tage 13,45€ / mtl.<sup>2</sup></p>
        </radio>
    </div>
    <flex align="center" column="" class="fk-storage-bundle__info">
        <p class="m-b-15">
            <pricetag value="5.35" code="EUR" class="fk-storage-bundle__price">
                <p slot="prefix">nur</p>
                <p slot="suffix">im Monat<sup>2</sup></p>
            </pricetag>
        </p> <button color="secondary" size="big" block="" class="fk-storage-bundle__action">Video-Speicher kaufen</button></flex>
</flex>
`;
