// Jest Snapshot v1, https://goo.gl/fbAQLP

exports[`Text component should render component and match snapshot 1`] = `<div class="fk-txt"></div>`;

exports[`Text component should render lg text 1`] = `<div class="fk-txt fk-txt--lg"></div>`;

exports[`Text component should render light text color 1`] = `<div class="fk-txt fk-txt--light"></div>`;

exports[`Text component should render md text 1`] = `<div class="fk-txt fk-txt--md"></div>`;

exports[`Text component should render primary text color 1`] = `<div class="fk-txt fk-txt--primary"></div>`;

exports[`Text component should render xl text 1`] = `<div class="fk-txt fk-txt--xl"></div>`;
